// Jest Snapshot v1, https://goo.gl/fbAQLP

exports[`Editor Component should rendered Editor component without crashing 1`] = `
<Form
  as="form"
>
  <FormField
    required={true}
  >
    <label
      htmlFor="title"
    >
      Title
    </label>
    <Input
      className="titleInput"
      id="title"
      name="title"
      onChange={[Function]}
      type="text"
      value=""
    />
  </FormField>
  <FormField
    required={true}
  >
    <label
      htmlFor="description"
    >
      Description
    </label>
    <TextArea
      as="textarea"
      id="description"
      maxLength="250"
      name="description"
      onChange={[Function]}
      rows={3}
      value=""
    />
  </FormField>
  <FormField
    className="categoryForm"
    required={true}
  >
    <label
      className="categoryLabel"
      htmlFor="category"
    >
      Category
    </label>
    <select
      id="category"
      name="category"
      onChange={[Function]}
      placeholder="Select article category"
      value=""
    >
      <option
        disabled={true}
        value=""
      >
        Select Category
      </option>
      <option
        key="1"
        value="Politics"
      >
        Politics
      </option>
      <option
        key="2"
        value="Family"
      >
        Family
      </option>
      <option
        key="3"
        value="Techonology"
      >
        Techonology
      </option>
    </select>
    <hr
      className="categoryLine"
    />
  </FormField>
  <FormField
    required={true}
  >
    <label
      htmlFor="content"
    >
      Content
    </label>
    <ReactMediumEditor
      id="content"
      onChange={[Function]}
      options={
        Object {
          "placeholder": Object {
            "text": "Write your article here...",
          },
          "toolbar": Object {
            "buttons": Array [
              "bold",
              "italic",
              "underline",
              "anchor",
              "strikethrough",
              "subscript",
              "superscript",
            ],
          },
        }
      }
      tag="div"
      text=""
    />
  </FormField>
  <FormField
    required={true}
  >
    <label
      htmlFor="tags"
    >
      Tags
    </label>
    <Input
      id="tags"
      name="tags"
      onChange={[Function]}
      type="text"
      value=""
    />
  </FormField>
  <FormField>
    <label
      htmlFor="featuredImage"
    >
      Featured Image
    </label>
    <div
      className="previewImage"
    >
      <label
        htmlFor="fileUpload"
      >
        <img
          alt="featuredImage"
          className="featuredPreviewImage"
          src="test-file-stub"
        />
      </label>
      <Input
        content="Browse"
        id="fileUpload"
        name="featuredImage"
        onChange={[Function]}
        type="file"
      />
    </div>
  </FormField>
  <div
    className="formButton"
  >
    <Button
      as="button"
      basic={true}
      floated="left"
      id="draftBtn"
      onClick={[Function]}
    >
      <span
        className="publishBtn"
      >
        Save as Draft
      </span>
    </Button>
    <Button
      as="button"
      basic={true}
      floated="right"
      onClick={[Function]}
    >
      <span
        className="publishBtn"
      >
        Publish
      </span>
    </Button>
  </div>
</Form>
`;
