// Jest Snapshot v1, https://goo.gl/fbAQLP

exports[`App should match snapshot 1`] = `
<div>
  <h1>
    Welcome to Authors Havens
  </h1>
  <UserModal />
</div>
`;
