// Jest Snapshot v1, https://goo.gl/fbAQLP

exports[`carousel conatiner test should test for the carousel component 1`] = `
<GridColumn>
  <Carousel
    autoPlay={true}
    axis="horizontal"
    centerMode={false}
    centerSlidePercentage={80}
    dynamicHeight={false}
    emulateTouch={false}
    infiniteLoop={true}
    interval={3000}
    onChange={[Function]}
    onClickItem={[Function]}
    onClickThumb={[Function]}
    selectedItem={0}
    showArrows={true}
    showIndicators={true}
    showStatus={false}
    showThumbs={false}
    statusFormatter={[Function]}
    stopOnHover={true}
    swipeScrollTolerance={5}
    swipeable={true}
    transitionTime={350}
    useKeyboardArrows={false}
    verticalSwipe="standard"
    width="100%"
  >
    <div
      className="carousel-container"
      key="65719288-0395-445e-b587-2b98b70bdec9"
    >
      <Image
        as="img"
        size="massive"
        src="https://farm4.staticflickr.com/3894/15008518202_c265dfa55f_h.jpg"
        ui={true}
      />
      <p
        className="legend text"
      >
        <Link
          replace={false}
          to="/article/65719288-0395-445e-b587-2b98b70bdec9"
        >
          <p
            className="title"
          >
            This is a post title
          </p>
        </Link>
        <p
          className="author"
        >
          hakeem ibrahim
        </p>
        <Connect(Icons)
          date="2019-01-23T07:09:10.447Z"
        />
      </p>
    </div>
  </Carousel>
</GridColumn>
`;

exports[`carousel conatiner test should test for the carousel component 2`] = `
<GridColumn>
  <Carousel
    autoPlay={true}
    axis="horizontal"
    centerMode={false}
    centerSlidePercentage={80}
    dynamicHeight={false}
    emulateTouch={false}
    infiniteLoop={true}
    interval={3000}
    onChange={[Function]}
    onClickItem={[Function]}
    onClickThumb={[Function]}
    selectedItem={0}
    showArrows={true}
    showIndicators={true}
    showStatus={false}
    showThumbs={false}
    statusFormatter={[Function]}
    stopOnHover={true}
    swipeScrollTolerance={5}
    swipeable={true}
    transitionTime={350}
    useKeyboardArrows={false}
    verticalSwipe="standard"
    width="100%"
  >
    <div
      className="carousel-container"
      key="65719288-0395-445e-b587-2b98b70bdec9"
    >
      <Image
        as="img"
        size="massive"
        src="https://farm4.staticflickr.com/3894/15008518202_c265dfa55f_h.jpg"
        ui={true}
      />
      <p
        className="legend text"
      >
        <Link
          replace={false}
          to="/article/65719288-0395-445e-b587-2b98b70bdec9"
        >
          <p
            className="title"
          >
            This is a post title
          </p>
        </Link>
        <p
          className="author"
        >
          hakeem ibrahim
        </p>
        <Connect(Icons)
          date="2019-01-23T07:09:10.447Z"
        />
      </p>
    </div>
  </Carousel>
</GridColumn>
`;
