// Jest Snapshot v1, https://goo.gl/fbAQLP

exports[`Share Article Component should rendered share Article Icons without crashing 1`] = `
<div
  className="shareArticleIcons"
>
  <CreatedButton
    quote=" "
    url="https://krypton-ah-fe-stage.herokuapp.com/article/ "
    windowHeight={400}
    windowWidth={550}
  >
    <Icon
      className=""
      iconBgStyle={Object {}}
      logoFillColor="white"
      round={true}
      size={25}
    />
  </CreatedButton>
  <CreatedButton
    hashtags={
      Array [
        "ah-Krypton",
      ]
    }
    title=" "
    url="https://krypton-ah-fe-stage.herokuapp.com/article/ "
    windowHeight={400}
    windowWidth={550}
  >
    <Icon
      className=""
      iconBgStyle={Object {}}
      logoFillColor="white"
      round={true}
      size={25}
    />
  </CreatedButton>
  <CreatedButton
    description=" "
    title=" "
    url="https://krypton-ah-fe-stage.herokuapp.com/article/ "
    windowHeight={600}
    windowWidth={750}
  >
    <Icon
      className=""
      iconBgStyle={Object {}}
      logoFillColor="white"
      round={true}
      size={25}
    />
  </CreatedButton>
  <CreatedButton
    separator=" "
    title=" "
    url="https://krypton-ah-fe-stage.herokuapp.com/article/ "
    windowHeight={400}
    windowWidth={550}
  >
    <Icon
      className=""
      iconBgStyle={Object {}}
      logoFillColor="white"
      round={true}
      size={25}
    />
  </CreatedButton>
  <CreatedButton
    body=" 
https://krypton-ah-fe-stage.herokuapp.com/article/ "
    onClick={[Function]}
    openWindow={false}
    subject=" "
    url="https://krypton-ah-fe-stage.herokuapp.com/article/ "
  >
    <Icon
      className=""
      iconBgStyle={Object {}}
      logoFillColor="white"
      round={true}
      size={25}
    />
  </CreatedButton>
</div>
`;
