// Jest Snapshot v1, https://goo.gl/fbAQLP

exports[`Modal Footer it should matches the snapshot 1`] = `
<div
  className="create-account"
>
  <h5
    className="ui header"
  >
    Create an account
     
    <span>
      Sign In
    </span>
  </h5>
</div>
`;
