// Jest Snapshot v1, https://goo.gl/fbAQLP

exports[`Modal Divider it should matches the snapshot 1`] = `
<div
  className="ui horizontal divider"
>
  Or
</div>
`;
