// Jest Snapshot v1, https://goo.gl/fbAQLP

exports[`Modal Header it should matches the snapshot 1`] = `
<div>
  <h2
    className="header"
  >
    Sign Up
  </h2>
  <hr />
</div>
`;
